#-----------------------------------------------------------
# Vivado v2024.2.1 (64-bit)
# SW Build 5266912 on Sun Dec 15 09:03:24 MST 2024
# IP Build 5264866 on Sun Dec 15 16:27:47 MST 2024
# SharedData Build 5264680 on Wed Dec 11 12:48:36 MST 2024
# Start of session at: Sun Apr 20 02:33:24 2025
# Process ID         : 27460
# Current directory  : D:/PJ/final_project/final_project.runs/synth_1
# Command line       : vivado.exe -log CNN.vds -product Vivado -mode batch -messageDb vivado.pb -notrace -source CNN.tcl
# Log file           : D:/PJ/final_project/final_project.runs/synth_1/CNN.vds
# Journal file       : D:/PJ/final_project/final_project.runs/synth_1\vivado.jou
# Running On         : DESKTOP-F82A4M5
# Platform           : Windows Server 2016 or Windows 10
# Operating System   : 22631
# Processor Detail   : Intel(R) Core(TM) i7-10750H CPU @ 2.60GHz
# CPU Frequency      : 2592 MHz
# CPU Physical cores : 6
# CPU Logical cores  : 12
# Host memory        : 16929 MB
# Swap memory        : 11659 MB
# Total Virtual      : 28589 MB
# Available Virtual  : 3548 MB
#-----------------------------------------------------------
source CNN.tcl -notrace
