#-----------------------------------------------------------
# Vivado v2024.2.1 (64-bit)
# SW Build 5266912 on Sun Dec 15 09:03:24 MST 2024
# IP Build 5264866 on Sun Dec 15 16:27:47 MST 2024
# SharedData Build 5264680 on Wed Dec 11 12:48:36 MST 2024
# Start of session at: Tue May 20 13:12:52 2025
# Process ID         : 8808
# Current directory  : D:/PJ/final_project/final_project.srcs/utils_1/imports/synth_1
# Command line       : vivado.exe -gui_launcher_event rodinguilauncherevent9356 D:\PJ\final_project\final_project.srcs\utils_1\imports\synth_1\CNN.dcp
# Log file           : D:/PJ/final_project/final_project.srcs/utils_1/imports/synth_1/vivado.log
# Journal file       : D:/PJ/final_project/final_project.srcs/utils_1/imports/synth_1\vivado.jou
# Running On         : DESKTOP-F82A4M5
# Platform           : Windows Server 2016 or Windows 10
# Operating System   : 22631
# Processor Detail   : Intel(R) Core(TM) i7-10750H CPU @ 2.60GHz
# CPU Frequency      : 2592 MHz
# CPU Physical cores : 6
# CPU Logical cores  : 12
# Host memory        : 16929 MB
# Swap memory        : 6442 MB
# Total Virtual      : 23372 MB
# Available Virtual  : 10019 MB
#-----------------------------------------------------------
start_gui
open_checkpoint D:/PJ/final_project/final_project.srcs/utils_1/imports/synth_1/CNN.dcp
